IN B
IN C
IN A
ADD A, C
ADD B, C
IN D
MUL D, D
MUL B, A
OUT C
ADD B, A
MOVI 120
MUL B, C
OUT D
OUT A
SUB B, A
DIV D, B
OUT D
MUL B, B
MUL D, B
ADD A, D
MOVI 27
ADD D, C
DIV A, D
SUB B, C
MOVI 100
MUL D, B
SUB C, B
OUT C
ADD A, C
IN C
ADD A, D
MOVI 117
MUL A, B
MUL B, A
ADD A, C
IN C
OUT A
SUB C, D
ADD D, B
ADD A, D
MOVI 5
OUT A
OUT B
OUT C
OUT D
