IN A
IN C
DIV C, A
IN B
OUT B
MOVI 13
ADD D, C
MUL D, A
OUT D
ADD D, A
OUT C
ADD A, C
IN C
MUL D, A
ADD A, D
MOVI 11
ADD A, D
MOVI 92
SUB D, A
MUL B, C
SUB B, D
ADD A, B
SUB B, A
MUL A, B
MOVI 72
SUB A, C
MUL C, A
OUT B
SUB B, C
ADD A, D
MOVI 20
SUB B, C
OUT B
SUB C, B
ADD A, D
MOVI 98
ADD A, D
IN D
SUB B, B
OUT C
ADD A, D
MOVI 8
OUT D
ADD A, D
MOVI 115
OUT A
OUT D
OUT B
SUB B, C
MUL A, A
MUL C, A
MUL A, A
ADD A, D
MOVI 50
DIV C, B
ADD A, D
MOVI 27
MUL C, D
MOVI 53
OUT B
SUB B, D
MUL B, D
SUB B, D
ADD D, D
MUL A, D
SUB B, D
IN D
DIV A, D
ADD B, A
IN A
ADD B, B
IN B
MUL A, B
MUL C, D
ADD C, D
OUT A
SUB C, C
MUL A, C
DIV C, B
ADD C, B
OUT A
OUT B
OUT C
OUT D
