MOVI 95
IN C
MUL D, C
IN B
DIV C, B
ADD B, D
IN D
IN A
MUL A, C
ADD A, B
OUT B
MUL D, B
SUB B, B
ADD C, D
ADD C, C
SUB D, C
ADD A, D
MOVI 77
SUB C, B
DIV D, C
OUT C
ADD A, D
MOVI 22
ADD A, D
IN D
ADD D, B
MUL C, B
SUB B, A
ADD A, D
MOVI 100
ADD A, D
MOVI 77
MUL D, C
MUL A, A
ADD D, B
ADD A, D
IN D
SUB C, B
OUT B
ADD A, B
ADD A, A
ADD C, A
ADD A, B
ADD B, B
ADD A, D
MOVI 9
SUB D, D
ADD D, D
ADD A, C
IN C
MOVI 11
ADD A, D
MOVI 106
ADD A, D
MOVI 16
ADD A, D
IN D
OUT A
ADD C, D
DIV C, A
ADD A, C
IN C
DIV D, C
ADD A, D
MOVI 107
DIV A, D
IN C
ADD C, C
IN B
DIV D, A
SUB C, B
ADD C, D
SUB A, A
MOVI 5
IN B
OUT D
SUB A, D
IN D
SUB B, D
IN D
MUL B, D
MOVI 5
ADD A, D
MOVI 3
ADD A, B
IN B
DIV D, A
SUB D, B
OUT C
OUT A
MUL A, B
MUL C, B
ADD A, D
MOVI 108
OUT D
ADD A, D
MOVI 9
OUT A
DIV A, C
OUT D
OUT C
ADD A, D
MOVI 2
MUL B, B
OUT A
DIV B, D
DIV B, C
DIV B, A
ADD D, D
MUL A, D
SUB D, D
MUL C, C
SUB B, C
OUT B
DIV D, C
ADD A, D
IN D
ADD D, C
OUT C
ADD A, B
IN B
OUT A
ADD A, D
MOVI 125
DIV C, B
MUL C, C
IN B
DIV B, D
DIV C, D
OUT A
ADD A, B
IN B
OUT C
MUL D, B
ADD A, D
OUT A
MUL C, A
MOVI 93
OUT D
IN B
OUT B
ADD B, D
MUL C, D
DIV A, D
ADD A, C
IN C
OUT A
SUB A, A
OUT B
ADD B, C
MUL A, D
MOVI 59
ADD A, D
IN D
OUT A
ADD B, B
ADD D, D
OUT C
ADD B, A
IN A
OUT A
OUT B
OUT D
