IN C
MOVI 97
SUB D, C
IN B
SUB B, D
IN A
DIV A, D
MUL B, B
ADD D, D
DIV A, D
IN B
OUT B
IN C
SUB D, A
OUT A
ADD A, C
IN C
ADD A, D
MOVI 2
ADD A, D
IN D
MUL B, B
ADD A, D
IN D
SUB C, D
MOVI 126
OUT D
ADD A, C
IN C
ADD D, B
ADD D, B
ADD C, B
MUL C, B
ADD A, C
IN C
DIV C, B
DIV D, B
ADD B, A
IN A
ADD A, D
MOVI 15
MUL C, B
MUL D, B
SUB A, B
ADD A, C
IN C
ADD A, D
MOVI 60
OUT A
MUL D, A
ADD A, C
IN C
DIV B, C
DIV C, A
OUT A
SUB C, A
SUB D, B
ADD A, D
MOVI 9
MUL B, D
MOVI 64
MUL C, C
DIV C, D
SUB D, A
ADD A, D
MOVI 20
ADD C, C
ADD A, D
MOVI 15
ADD A, B
IN B
MUL C, A
ADD A, C
IN C
SUB C, B
OUT D
ADD A, C
IN C
ADD A, D
MOVI 72
OUT D
DIV A, D
ADD A, D
OUT C
MOVI 48
MUL C, A
ADD A, D
MOVI 117
SUB B, D
SUB A, D
MUL C, D
ADD A, B
IN B
OUT C
OUT A
MUL C, D
MUL D, D
MOVI 76
ADD A, D
MOVI 34
ADD C, A
SUB C, D
ADD A, C
IN C
MUL C, C
SUB D, A
ADD A, D
IN D
SUB C, A
MUL D, B
OUT B
MUL A, D
IN D
MUL C, C
ADD A, D
MOVI 49
ADD A, D
MOVI 77
MUL D, D
MOVI 105
IN B
DIV D, C
ADD B, C
MUL A, D
IN D
SUB A, B
OUT C
ADD A, D
MOVI 8
SUB A, B
ADD A, D
MOVI 65
SUB B, B
SUB C, B
MUL A, B
IN B
ADD A, D
MOVI 53
MUL D, A
DIV D, C
OUT A
ADD D, B
ADD D, A
MUL D, D
MUL B, C
MOVI 126
ADD A, D
IN D
OUT D
ADD B, C
DIV B, D
MOVI 58
MUL C, D
SUB D, A
MUL B, B
MUL C, D
SUB A, A
IN A
DIV B, A
DIV B, A
SUB C, C
IN C
ADD A, B
IN B
DIV C, B
IN D
ADD A, D
MOVI 110
ADD A, C
IN C
DIV D, C
MUL B, C
ADD A, D
DIV B, A
OUT C
MUL D, D
OUT D
ADD D, D
ADD C, A
SUB A, B
DIV D, C
OUT A
OUT C
IN B
DIV A, B
ADD C, C
ADD A, D
MOVI 75
DIV C, D
MUL D, B
OUT A
ADD A, D
IN D
ADD A, D
MOVI 50
SUB C, B
MUL D, C
OUT C
DIV A, C
MUL D, A
OUT B
SUB A, D
OUT A
ADD B, A
IN A
ADD D, A
OUT A
SUB A, A
SUB B, B
OUT D
MUL A, D
MUL A, D
IN B
DIV D, B
OUT A
ADD C, D
MUL C, B
ADD C, B
ADD B, B
MOVI 43
MUL B, D
SUB B, C
SUB D, B
OUT B
OUT C
DIV D, C
ADD A, D
MOVI 104
ADD C, A
IN B
MUL A, D
OUT C
ADD B, A
IN A
OUT D
SUB D, D
ADD C, C
OUT C
DIV C, A
IN D
ADD A, D
MOVI 63
ADD C, D
MUL C, C
MOVI 6
IN C
ADD C, C
ADD B, A
IN A
ADD A, D
MOVI 49
MUL B, D
IN C
SUB A, A
DIV A, C
ADD D, D
IN C
SUB B, B
ADD A, C
IN C
OUT B
ADD B, A
IN A
ADD D, A
ADD D, D
SUB B, C
MOVI 55
OUT B
ADD A, D
MOVI 81
MUL C, C
ADD B, A
IN A
ADD A, A
ADD D, A
OUT C
ADD A, D
MOVI 15
MUL C, B
MUL B, B
ADD C, C
SUB D, A
DIV C, D
OUT A
MUL B, A
SUB D, D
ADD A, B
IN B
DIV C, B
MOVI 80
OUT C
ADD A, C
IN C
DIV C, D
ADD A, C
IN C
MOVI 15
ADD A, D
SUB D, C
ADD B, A
IN A
SUB C, B
ADD A, C
IN C
MUL D, A
SUB A, B
DIV C, A
OUT A
ADD A, A
MUL B, D
OUT C
MOVI 101
ADD A, D
MOVI 21
OUT B
OUT D
SUB C, B
ADD C, B
DIV D, B
ADD A, D
MOVI 112
OUT A
OUT C
OUT D
