MOVI 125
IN B
DIV B, D
MOVI 113
IN A
MUL A, D
IN C
SUB B, C
ADD B, B
OUT B
ADD B, A
IN A
MOVI 93
ADD B, A
IN A
DIV D, C
MUL C, D
OUT C
MOVI 110
ADD A, D
MOVI 108
ADD C, C
DIV D, A
IN A
ADD C, D
MOVI 102
DIV C, D
ADD C, A
MUL C, B
MOVI 87
ADD A, D
MOVI 8
ADD A, A
SUB C, D
DIV A, D
ADD B, A
IN A
SUB D, B
IN B
DIV C, A
SUB D, A
ADD A, C
IN C
SUB A, B
MUL A, D
MUL D, C
DIV D, C
ADD D, C
SUB D, B
DIV B, D
DIV A, D
OUT A
IN C
OUT D
SUB B, D
SUB B, D
ADD B, A
IN A
MOVI 79
MUL C, D
ADD A, A
SUB B, B
MOVI 56
OUT A
ADD A, D
MOVI 89
SUB D, A
SUB A, C
SUB D, D
OUT D
MOVI 81
DIV C, A
ADD A, C
IN C
OUT A
DIV B, D
SUB D, B
MUL D, D
DIV D, A
ADD A, D
MOVI 73
SUB A, B
DIV D, C
ADD A, D
MOVI 109
SUB A, A
ADD A, D
IN D
OUT A
DIV B, A
OUT B
MUL B, A
SUB C, A
ADD C, A
MUL D, C
SUB A, A
OUT D
ADD A, D
MOVI 99
MUL D, A
SUB B, D
SUB D, B
MUL C, D
IN D
ADD A, D
DIV B, A
SUB A, C
DIV C, D
MUL B, C
DIV D, A
ADD A, B
IN B
OUT B
MUL B, D
ADD B, A
IN A
SUB A, C
DIV A, B
MUL D, B
IN C
OUT B
OUT D
ADD D, D
IN B
MUL C, A
ADD A, C
IN C
DIV D, C
ADD C, A
SUB A, A
ADD A, D
MOVI 96
ADD A, D
MOVI 31
ADD A, D
MOVI 22
ADD C, B
DIV C, D
MUL C, D
DIV B, A
OUT C
DIV C, D
OUT A
IN D
OUT B
ADD A, B
IN B
ADD A, D
MOVI 30
SUB C, C
ADD A, D
MOVI 57
ADD A, D
MOVI 93
ADD A, B
IN B
MUL C, A
IN A
SUB A, A
ADD A, C
IN C
DIV B, C
SUB C, D
OUT D
SUB B, C
ADD B, B
ADD D, C
DIV B, D
ADD B, A
IN A
DIV D, A
ADD A, D
MOVI 65
ADD A, D
MOVI 112
SUB A, C
ADD D, B
MUL A, D
MUL C, C
ADD A, B
MUL D, B
ADD A, D
MOVI 19
SUB B, A
MUL C, B
ADD A, C
IN C
DIV D, B
OUT A
ADD A, D
MOVI 77
DIV A, D
MUL C, D
MUL A, C
ADD C, A
MUL D, A
DIV C, D
OUT B
OUT D
ADD B, A
OUT A
ADD C, A
MUL D, B
OUT B
MUL B, A
OUT B
ADD A, B
IN B
DIV D, C
ADD B, A
IN A
MUL A, A
MUL C, D
SUB D, D
SUB D, D
SUB D, A
SUB B, A
ADD A, D
MOVI 12
MUL D, B
ADD B, A
IN A
MUL B, B
MUL A, B
OUT A
MUL A, B
ADD A, D
MOVI 106
ADD A, D
MOVI 51
MUL A, C
OUT C
SUB C, A
OUT B
MUL A, A
ADD A, D
MOVI 13
MUL D, C
MUL C, A
ADD A, D
MOVI 32
ADD B, A
IN A
DIV C, A
MUL B, B
SUB D, A
ADD A, D
MOVI 43
OUT D
OUT B
ADD A, B
IN B
ADD A, C
MUL D, C
ADD A, D
MOVI 87
DIV B, D
ADD A, B
SUB A, C
ADD D, C
SUB D, B
ADD D, B
OUT B
DIV C, A
IN A
OUT C
ADD B, A
IN A
ADD A, D
MOVI 62
OUT D
MUL D, C
ADD B, A
IN A
MUL A, C
ADD B, A
IN A
DIV B, A
ADD A, D
IN D
MUL B, A
ADD A, B
IN B
DIV D, B
IN B
SUB A, B
ADD D, A
SUB B, B
SUB B, C
ADD A, D
MOVI 121
ADD C, A
DIV B, A
ADD A, D
MOVI 55
SUB C, A
SUB D, A
IN A
ADD C, C
ADD C, B
SUB A, A
ADD A, D
IN D
OUT C
IN B
DIV C, B
ADD A, C
IN C
DIV B, C
SUB C, B
DIV C, D
ADD C, D
ADD B, A
IN A
MUL D, C
MUL B, C
ADD C, B
DIV C, B
OUT B
ADD A, D
IN D
ADD B, B
MUL C, C
SUB D, C
MUL B, A
SUB A, D
ADD A, A
MOVI 32
IN C
ADD A, B
DIV C, A
OUT C
OUT A
ADD A, D
MOVI 127
MUL D, B
OUT D
ADD A, D
MOVI 27
DIV A, D
DIV C, B
IN B
SUB A, B
DIV A, B
SUB C, A
IN A
ADD A, B
ADD A, D
MOVI 46
ADD D, A
SUB C, B
ADD B, B
IN B
ADD A, D
MOVI 4
ADD A, D
IN D
OUT D
SUB D, A
DIV D, C
SUB A, B
OUT B
MUL D, B
OUT A
ADD B, A
IN A
ADD A, B
MUL B, D
SUB C, C
SUB A, D
IN D
MUL C, A
MUL A, C
OUT C
ADD C, D
ADD B, A
IN A
MUL A, B
OUT A
ADD B, A
IN A
MOVI 38
SUB C, C
ADD B, A
IN A
SUB C, B
ADD A, D
MOVI 71
MUL B, C
OUT D
MUL B, A
IN A
SUB B, D
DIV D, B
ADD B, C
DIV C, B
ADD A, C
IN C
MUL C, C
DIV B, A
ADD A, B
IN B
DIV A, B
ADD A, D
SUB A, C
MUL C, B
MOVI 4
MUL B, A
SUB D, D
ADD A, C
IN C
ADD B, D
ADD A, A
ADD D, A
ADD C, D
DIV B, A
MOVI 12
ADD B, D
MUL C, B
ADD C, C
MOVI 74
DIV A, C
ADD B, A
IN A
SUB C, C
MUL A, A
OUT C
ADD D, D
SUB B, A
IN A
DIV A, D
MUL B, D
OUT B
ADD A, B
IN B
SUB D, D
MOVI 103
ADD A, D
MOVI 91
IN C
SUB A, B
ADD A, D
MOVI 17
SUB B, B
ADD A, D
MOVI 23
ADD A, D
MOVI 114
MUL B, D
ADD B, A
IN A
DIV D, C
ADD A, D
MOVI 33
ADD A, D
MOVI 120
OUT C
ADD B, B
SUB D, A
IN B
MUL C, D
MUL A, C
MOVI 109
ADD C, D
ADD D, A
DIV C, D
DIV A, D
SUB A, D
MOVI 76
OUT D
DIV C, D
MUL A, C
DIV C, D
ADD D, B
ADD B, A
IN A
DIV C, A
SUB C, C
IN C
OUT B
DIV B, D
ADD A, B
IN B
DIV A, B
ADD B, A
IN A
MOVI 82
DIV B, D
MUL C, A
MOVI 29
ADD A, D
IN D
ADD A, B
IN B
DIV A, B
SUB B, D
SUB C, C
IN C
ADD C, A
OUT C
ADD A, C
IN C
ADD A, C
SUB B, C
OUT B
IN D
OUT A
MUL B, B
ADD C, B
IN B
ADD C, B
ADD C, D
SUB C, C
OUT B
ADD B, A
IN A
DIV C, A
OUT C
DIV A, D
OUT B
DIV B, D
SUB B, A
MOVI 62
OUT D
ADD A, B
IN B
MUL A, B
DIV C, B
OUT C
SUB C, B
ADD A, D
MOVI 103
SUB C, D
MUL C, B
SUB B, A
ADD B, B
MOVI 58
DIV A, D
DIV C, D
ADD C, B
MUL A, A
OUT D
ADD A, C
IN C
SUB D, D
SUB D, C
ADD B, C
DIV D, C
MUL B, D
MUL D, B
ADD A, C
MUL D, A
OUT B
OUT D
DIV D, B
ADD A, D
MOVI 117
ADD D, D
MUL D, D
MUL C, A
DIV A, C
ADD B, B
MUL A, B
ADD A, A
MUL A, A
MOVI 22
ADD A, D
MOVI 41
ADD A, D
MOVI 57
ADD A, D
IN C
DIV A, C
SUB D, B
MUL A, A
OUT A
DIV B, A
DIV B, D
ADD C, D
ADD C, C
ADD A, B
IN B
DIV C, B
OUT A
MOVI 114
ADD B, A
IN A
ADD C, C
OUT A
SUB A, C
OUT C
IN C
MUL C, B
DIV B, A
OUT B
DIV A, D
ADD B, A
DIV C, B
ADD B, D
SUB B, B
MUL A, A
ADD D, A
ADD A, D
MOVI 59
DIV B, A
ADD A, D
MOVI 73
ADD A, D
MOVI 17
MUL A, D
MUL C, A
MUL C, C
MOVI 63
ADD A, D
MOVI 99
IN C
ADD C, B
DIV D, C
ADD A, D
MOVI 89
OUT D
OUT B
OUT A
MUL D, B
OUT C
DIV D, C
SUB D, C
DIV B, D
ADD B, C
MOVI 17
MUL C, B
OUT C
MUL A, B
DIV A, B
OUT B
ADD A, D
IN D
SUB C, C
MUL A, B
MUL A, A
OUT A
OUT C
OUT D
